[INFO] Scanning for projects...
[INFO] 
[INFO] --------< org.mental_management_center:MentalManagementCenter >---------
[INFO] Building MentalManagementCenter 0.0.1-SNAPSHOT
[INFO]   from pom.xml
[INFO] --------------------------------[ jar ]---------------------------------
[INFO] 
[INFO] --- resources:3.3.1:resources (default-resources) @ MentalManagementCenter ---
[INFO] Copying 1 resource from src\main\resources to target\classes
[INFO] Copying 31 resources from src\main\resources to target\classes
[INFO] 
[INFO] --- compiler:3.11.0:compile (default-compile) @ MentalManagementCenter ---
[INFO] Nothing to compile - all classes are up to date
[INFO] 
[INFO] --- resources:3.3.1:testResources (default-testResources) @ MentalManagementCenter ---
[INFO] Copying 1 resource from src\test\resources to target\test-classes
[INFO] 
[INFO] --- compiler:3.11.0:testCompile (default-testCompile) @ MentalManagementCenter ---
[INFO] Nothing to compile - all classes are up to date
[INFO] 
[INFO] --- surefire:3.1.2:test (default-test) @ MentalManagementCenter ---
[INFO] Using auto detected provider org.apache.maven.surefire.junitplatform.JUnitPlatformProvider
[INFO] 
[INFO] -------------------------------------------------------
[INFO]  T E S T S
[INFO] -------------------------------------------------------
[INFO] Running org.mental_management_center.mentalmanagementcenter.MentalManagementCenterApplicationTests
12:56:47.156 [main] INFO org.springframework.boot.devtools.restart.RestartApplicationListener -- Restart disabled due to context in which it is running

  .   ____          _            __ _ _
 /\\ / ___'_ __ _ _(_)_ __  __ _ \ \ \ \
( ( )\___ | '_ | '_| | '_ \/ _` | \ \ \ \
 \\/  ___)| |_)| | | | | || (_| |  ) ) ) )
  '  |____| .__|_| |_|_| |_\__, | / / / /
 =========|_|==============|___/=/_/_/_/
 :: Spring Boot ::                (v3.2.4)

2026-04-09T12:56:47.464+03:00  INFO 6196 --- [           main] m.MentalManagementCenterApplicationTests : Starting MentalManagementCenterApplicationTests using Java 17.0.18 with PID 6196 (started by ASUS in C:\Users\ASUS\IdeaProjects\MMC)
2026-04-09T12:56:47.466+03:00  INFO 6196 --- [           main] m.MentalManagementCenterApplicationTests : No active profile set, falling back to 1 default profile: "default"
2026-04-09T12:56:48.497+03:00  INFO 6196 --- [           main] .s.d.r.c.RepositoryConfigurationDelegate : Bootstrapping Spring Data JPA repositories in DEFAULT mode.
2026-04-09T12:56:48.585+03:00  INFO 6196 --- [           main] .s.d.r.c.RepositoryConfigurationDelegate : Finished Spring Data repository scanning in 77 ms. Found 4 JPA repository interfaces.
2026-04-09T12:56:49.264+03:00  INFO 6196 --- [           main] o.hibernate.jpa.internal.util.LogHelper  : HHH000204: Processing PersistenceUnitInfo [name: default]
2026-04-09T12:56:49.352+03:00  INFO 6196 --- [           main] org.hibernate.Version                    : HHH000412: Hibernate ORM core version 6.4.4.Final
2026-04-09T12:56:49.397+03:00  INFO 6196 --- [           main] o.h.c.internal.RegionFactoryInitiator    : HHH000026: Second-level cache disabled
2026-04-09T12:56:49.831+03:00  INFO 6196 --- [           main] o.s.o.j.p.SpringPersistenceUnitInfo      : No LoadTimeWeaver setup: ignoring JPA class transformer
2026-04-09T12:56:49.869+03:00  INFO 6196 --- [           main] com.zaxxer.hikari.HikariDataSource       : HikariPool-1 - Starting...
2026-04-09T12:56:50.069+03:00  INFO 6196 --- [           main] com.zaxxer.hikari.pool.HikariPool        : HikariPool-1 - Added connection conn0: url=jdbc:h2:mem:mmc-test user=SA
2026-04-09T12:56:50.069+03:00  INFO 6196 --- [           main] com.zaxxer.hikari.HikariDataSource       : HikariPool-1 - Start completed.
2026-04-09T12:56:50.091+03:00  WARN 6196 --- [           main] org.hibernate.orm.deprecation            : HHH90000025: H2Dialect does not need to be specified explicitly using 'hibernate.dialect' (remove the property setting and it will be selected by default)
2026-04-09T12:56:51.007+03:00  INFO 6196 --- [           main] o.h.e.t.j.p.i.JtaPlatformInitiator       : HHH000489: No JTA platform available (set 'hibernate.transaction.jta.platform' to enable JTA platform integration)
2026-04-09T12:56:51.062+03:00  INFO 6196 --- [           main] j.LocalContainerEntityManagerFactoryBean : Initialized JPA EntityManagerFactory for persistence unit 'default'
2026-04-09T12:56:51.440+03:00  INFO 6196 --- [           main] o.s.d.j.r.query.QueryEnhancerFactory     : Hibernate is in classpath; If applicable, HQL parser will be used.
2026-04-09T12:56:52.242+03:00  INFO 6196 --- [           main] o.s.b.a.w.s.WelcomePageHandlerMapping    : Adding welcome page template: index
2026-04-09T12:56:52.465+03:00  INFO 6196 --- [           main] o.s.s.web.DefaultSecurityFilterChain     : Will secure any request with [org.springframework.security.web.session.DisableEncodeUrlFilter@340d50c8, org.springframework.security.web.context.request.async.WebAsyncManagerIntegrationFilter@9cabd07, org.springframework.security.web.context.SecurityContextHolderFilter@6878cd83, org.springframework.security.web.header.HeaderWriterFilter@59e6fb8a, org.springframework.web.filter.CorsFilter@2a32be8d, org.springframework.security.web.csrf.CsrfFilter@6c1e2161, org.springframework.security.web.authentication.logout.LogoutFilter@5f735240, org.springframework.security.web.authentication.UsernamePasswordAuthenticationFilter@37669c4, org.springframework.security.web.savedrequest.RequestCacheAwareFilter@3027fe42, org.springframework.security.web.servletapi.SecurityContextHolderAwareRequestFilter@410185ec, org.springframework.security.web.authentication.AnonymousAuthenticationFilter@7942987, org.springframework.security.web.access.ExceptionTranslationFilter@713935c8, org.springframework.security.web.access.intercept.AuthorizationFilter@2b8502e7]
2026-04-09T12:56:52.848+03:00  INFO 6196 --- [           main] m.MentalManagementCenterApplicationTests : Started MentalManagementCenterApplicationTests in 5.703 seconds (process running for 6.531)
.\mvnw.cmd : Java HotSpot(TM) 64-Bit Server VM warning: Sharing is only support
ed for boot loader classes because bootstrap classpath has been appended
At line:1 char:1
+ .\mvnw.cmd test 2>&1 > test-output.log; type test-output.log | Select ...
+ ~~~~~~~~~~~~~~~~~~~~~~~~~~~~~~~~~~~~~~
    + CategoryInfo          : NotSpecified: (Java HotSpot(TM...s been appended 
   :String) [], RemoteException
    + FullyQualifiedErrorId : NativeCommandError
 
[INFO] Tests run: 1, Failures: 0, Errors: 0, Skipped: 0, Time elapsed: 6.505 s -- in org.mental_management_center.mentalmanagementcenter.MentalManagementCenterApplicationTests
[INFO] Running org.mental_management_center.mmc.UserServiceOAuthVerificationTests
[INFO] Tests run: 2, Failures: 0, Errors: 0, Skipped: 0, Time elapsed: 0.636 s -- in org.mental_management_center.mmc.UserServiceOAuthVerificationTests
[INFO] Running org.mental_management_center.mmc.UserServicePasswordChangeTests
[INFO] Tests run: 2, Failures: 0, Errors: 0, Skipped: 0, Time elapsed: 0.436 s -- in org.mental_management_center.mmc.UserServicePasswordChangeTests
[INFO] Running org.mental_management_center.mmc.UserServiceProfileAndResetTests
[INFO] Tests run: 6, Failures: 0, Errors: 0, Skipped: 0, Time elapsed: 0.319 s -- in org.mental_management_center.mmc.UserServiceProfileAndResetTests
[INFO] Running org.mental_management_center.mmc.UserServiceTest
2026-04-09T12:56:54.740+03:00  INFO 6196 --- [           main] t.c.s.AnnotationConfigContextLoaderUtils : Could not detect default configuration classes for test class [org.mental_management_center.mmc.UserServiceTest]: UserServiceTest does not declare any static, non-private, non-final, nested classes annotated with @Configuration.
2026-04-09T12:56:54.756+03:00  INFO 6196 --- [           main] .b.t.c.SpringBootTestContextBootstrapper : Found @SpringBootConfiguration org.mental_management_center.mmc.MentalManagementCenterApplication for test class org.mental_management_center.mmc.UserServiceTest
2026-04-09T12:56:54.770+03:00  INFO 6196 --- [           main] o.s.b.d.r.RestartApplicationListener     : Restart disabled due to context in which it is running

  .   ____          _            __ _ _
 /\\ / ___'_ __ _ _(_)_ __  __ _ \ \ \ \
( ( )\___ | '_ | '_| | '_ \/ _` | \ \ \ \
 \\/  ___)| |_)| | | | | || (_| |  ) ) ) )
  '  |____| .__|_| |_|_| |_\__, | / / / /
 =========|_|==============|___/=/_/_/_/
 :: Spring Boot ::                (v3.2.4)

2026-04-09T12:56:54.821+03:00  INFO 6196 --- [           main] o.m.mmc.UserServiceTest                  : Starting UserServiceTest using Java 17.0.18 with PID 6196 (started by ASUS in C:\Users\ASUS\IdeaProjects\MMC)
2026-04-09T12:56:54.821+03:00  INFO 6196 --- [           main] o.m.mmc.UserServiceTest                  : The following 1 profile is active: "test"
2026-04-09T12:56:55.090+03:00  INFO 6196 --- [           main] .s.d.r.c.RepositoryConfigurationDelegate : Bootstrapping Spring Data JPA repositories in DEFAULT mode.
2026-04-09T12:56:55.104+03:00  INFO 6196 --- [           main] .s.d.r.c.RepositoryConfigurationDelegate : Finished Spring Data repository scanning in 16 ms. Found 4 JPA repository interfaces.
2026-04-09T12:56:55.254+03:00  INFO 6196 --- [           main] o.hibernate.jpa.internal.util.LogHelper  : HHH000204: Processing PersistenceUnitInfo [name: default]
2026-04-09T12:56:55.260+03:00  INFO 6196 --- [           main] o.h.c.internal.RegionFactoryInitiator    : HHH000026: Second-level cache disabled
2026-04-09T12:56:55.264+03:00  INFO 6196 --- [           main] o.s.o.j.p.SpringPersistenceUnitInfo      : No LoadTimeWeaver setup: ignoring JPA class transformer
2026-04-09T12:56:55.268+03:00  INFO 6196 --- [           main] com.zaxxer.hikari.HikariDataSource       : HikariPool-2 - Starting...
2026-04-09T12:56:55.268+03:00  INFO 6196 --- [           main] com.zaxxer.hikari.pool.HikariPool        : HikariPool-2 - Added connection conn10: url=jdbc:h2:mem:mmc-test user=SA
2026-04-09T12:56:55.268+03:00  INFO 6196 --- [           main] com.zaxxer.hikari.HikariDataSource       : HikariPool-2 - Start completed.
2026-04-09T12:56:55.268+03:00  WARN 6196 --- [           main] org.hibernate.orm.deprecation            : HHH90000025: H2Dialect does not need to be specified explicitly using 'hibernate.dialect' (remove the property setting and it will be selected by default)
2026-04-09T12:56:55.368+03:00  INFO 6196 --- [           main] o.h.e.t.j.p.i.JtaPlatformInitiator       : HHH000489: No JTA platform available (set 'hibernate.transaction.jta.platform' to enable JTA platform integration)
2026-04-09T12:56:55.378+03:00  INFO 6196 --- [           main] j.LocalContainerEntityManagerFactoryBean : Initialized JPA EntityManagerFactory for persistence unit 'default'
2026-04-09T12:56:55.544+03:00  INFO 6196 --- [           main] o.s.b.a.w.s.WelcomePageHandlerMapping    : Adding welcome page template: index
2026-04-09T12:56:55.652+03:00  INFO 6196 --- [           main] o.s.s.web.DefaultSecurityFilterChain     : Will secure any request with [org.springframework.security.web.session.DisableEncodeUrlFilter@2d2325d0, org.springframework.security.web.context.request.async.WebAsyncManagerIntegrationFilter@4e80180c, org.springframework.security.web.context.SecurityContextHolderFilter@172b39c3, org.springframework.security.web.header.HeaderWriterFilter@145baec6, org.springframework.web.filter.CorsFilter@52e10d07, org.springframework.security.web.csrf.CsrfFilter@1bf6c568, org.springframework.security.web.authentication.logout.LogoutFilter@5240654, org.springframework.security.web.authentication.UsernamePasswordAuthenticationFilter@8108420, org.springframework.security.web.savedrequest.RequestCacheAwareFilter@3a5b73cb, org.springframework.security.web.servletapi.SecurityContextHolderAwareRequestFilter@26b78c2, org.springframework.security.web.authentication.AnonymousAuthenticationFilter@5edca2ff, org.springframework.security.web.access.ExceptionTranslationFilter@4d2eb4c6, org.springframework.security.web.access.intercept.AuthorizationFilter@3d74313a]
2026-04-09T12:56:55.820+03:00  INFO 6196 --- [           main] o.m.mmc.UserServiceTest                  : Started UserServiceTest in 1.05 seconds (process running for 9.504)
[INFO] Tests run: 1, Failures: 0, Errors: 0, Skipped: 0, Time elapsed: 1.184 s -- in org.mental_management_center.mmc.UserServiceTest
[INFO] Running org.mental_management_center.mmc.UserTest
[INFO] Tests run: 2, Failures: 0, Errors: 0, Skipped: 0, Time elapsed: 0.004 s -- in org.mental_management_center.mmc.UserTest
[INFO] Running org.mental_management_center.mmc.WebAccessIntegrationTests
2026-04-09T12:56:55.922+03:00  INFO 6196 --- [           main] t.c.s.AnnotationConfigContextLoaderUtils : Could not detect default configuration classes for test class [org.mental_management_center.mmc.WebAccessIntegrationTests]: WebAccessIntegrationTests does not declare any static, non-private, non-final, nested classes annotated with @Configuration.
2026-04-09T12:56:55.932+03:00  INFO 6196 --- [           main] .b.t.c.SpringBootTestContextBootstrapper : Found @SpringBootConfiguration org.mental_management_center.mmc.MentalManagementCenterApplication for test class org.mental_management_center.mmc.WebAccessIntegrationTests
2026-04-09T12:56:55.942+03:00  INFO 6196 --- [           main] o.s.b.d.r.RestartApplicationListener     : Restart disabled due to context in which it is running

  .   ____          _            __ _ _
 /\\ / ___'_ __ _ _(_)_ __  __ _ \ \ \ \
( ( )\___ | '_ | '_| | '_ \/ _` | \ \ \ \
 \\/  ___)| |_)| | | | | || (_| |  ) ) ) )
  '  |____| .__|_| |_|_| |_\__, | / / / /
 =========|_|==============|___/=/_/_/_/
 :: Spring Boot ::                (v3.2.4)

2026-04-09T12:56:55.971+03:00  INFO 6196 --- [           main] o.m.mmc.WebAccessIntegrationTests        : Starting WebAccessIntegrationTests using Java 17.0.18 with PID 6196 (started by ASUS in C:\Users\ASUS\IdeaProjects\MMC)
2026-04-09T12:56:55.971+03:00  INFO 6196 --- [           main] o.m.mmc.WebAccessIntegrationTests        : No active profile set, falling back to 1 default profile: "default"
2026-04-09T12:56:56.212+03:00  INFO 6196 --- [           main] .s.d.r.c.RepositoryConfigurationDelegate : Bootstrapping Spring Data JPA repositories in DEFAULT mode.
2026-04-09T12:56:56.229+03:00  INFO 6196 --- [           main] .s.d.r.c.RepositoryConfigurationDelegate : Finished Spring Data repository scanning in 13 ms. Found 4 JPA repository interfaces.
2026-04-09T12:56:56.324+03:00  INFO 6196 --- [           main] o.hibernate.jpa.internal.util.LogHelper  : HHH000204: Processing PersistenceUnitInfo [name: default]
2026-04-09T12:56:56.326+03:00  INFO 6196 --- [           main] o.h.c.internal.RegionFactoryInitiator    : HHH000026: Second-level cache disabled
2026-04-09T12:56:56.330+03:00  INFO 6196 --- [           main] o.s.o.j.p.SpringPersistenceUnitInfo      : No LoadTimeWeaver setup: ignoring JPA class transformer
2026-04-09T12:56:56.332+03:00  INFO 6196 --- [           main] com.zaxxer.hikari.HikariDataSource       : HikariPool-3 - Starting...
2026-04-09T12:56:56.334+03:00  INFO 6196 --- [           main] com.zaxxer.hikari.pool.HikariPool        : HikariPool-3 - Added connection conn20: url=jdbc:h2:mem:mmc-test user=SA
2026-04-09T12:56:56.334+03:00  INFO 6196 --- [           main] com.zaxxer.hikari.HikariDataSource       : HikariPool-3 - Start completed.
2026-04-09T12:56:56.335+03:00  WARN 6196 --- [           main] org.hibernate.orm.deprecation            : HHH90000025: H2Dialect does not need to be specified explicitly using 'hibernate.dialect' (remove the property setting and it will be selected by default)
2026-04-09T12:56:56.414+03:00  INFO 6196 --- [           main] o.h.e.t.j.p.i.JtaPlatformInitiator       : HHH000489: No JTA platform available (set 'hibernate.transaction.jta.platform' to enable JTA platform integration)
2026-04-09T12:56:56.424+03:00  INFO 6196 --- [           main] j.LocalContainerEntityManagerFactoryBean : Initialized JPA EntityManagerFactory for persistence unit 'default'
2026-04-09T12:56:56.661+03:00  INFO 6196 --- [           main] o.s.b.a.w.s.WelcomePageHandlerMapping    : Adding welcome page template: index
2026-04-09T12:56:56.744+03:00  INFO 6196 --- [           main] o.s.s.web.DefaultSecurityFilterChain     : Will secure any request with [org.springframework.security.web.session.DisableEncodeUrlFilter@4142586b, org.springframework.security.web.context.request.async.WebAsyncManagerIntegrationFilter@4966454a, org.springframework.security.web.context.SecurityContextHolderFilter@9ba905b, org.springframework.security.web.header.HeaderWriterFilter@25c66a5a, org.springframework.web.filter.CorsFilter@5b133d16, org.springframework.security.web.csrf.CsrfFilter@1b2af5ed, org.springframework.security.web.authentication.logout.LogoutFilter@5883f0d5, org.springframework.security.web.authentication.UsernamePasswordAuthenticationFilter@6801536, org.springframework.security.web.savedrequest.RequestCacheAwareFilter@45f3891c, org.springframework.security.web.servletapi.SecurityContextHolderAwareRequestFilter@13e4acf6, org.springframework.security.web.authentication.AnonymousAuthenticationFilter@5dbcaae7, org.springframework.security.web.access.ExceptionTranslationFilter@7324bca8, org.springframework.security.web.access.intercept.AuthorizationFilter@37d4b676]
2026-04-09T12:56:56.923+03:00  INFO 6196 --- [           main] o.s.b.t.m.w.SpringBootMockServletContext : Initializing Spring TestDispatcherServlet ''
2026-04-09T12:56:56.923+03:00  INFO 6196 --- [           main] o.s.t.web.servlet.TestDispatcherServlet  : Initializing Servlet ''
2026-04-09T12:56:56.925+03:00  INFO 6196 --- [           main] o.s.t.web.servlet.TestDispatcherServlet  : Completed initialization in 2 ms
2026-04-09T12:56:56.938+03:00  INFO 6196 --- [           main] o.m.mmc.WebAccessIntegrationTests        : Started WebAccessIntegrationTests in 0.998 seconds (process running for 10.622)

MockHttpServletRequest:
      HTTP Method = POST
      Request URI = /requests/delete/999
       Parameters = {}
          Headers = []
             Body = null
    Session Attrs = {org.springframework.security.web.csrf.HttpSessionCsrfTokenRepository.CSRF_TOKEN=org.springframework.security.web.csrf.DefaultCsrfToken@47ae88d0, SPRING_SECURITY_CONTEXT=SecurityContextImpl [Authentication=UsernamePasswordAuthenticationToken [Principal=org.springframework.security.core.userdetails.User [Username=user, Password=[PROTECTED], Enabled=true, AccountNonExpired=true, CredentialsNonExpired=true, AccountNonLocked=true, Granted Authorities=[ROLE_ADMIN]], Credentials=[PROTECTED], Authenticated=true, Details=null, Granted Authorities=[ROLE_ADMIN]]]}

Handler:
             Type = null

Async:
    Async started = false
     Async result = null

Resolved Exception:
             Type = null

ModelAndView:
        View name = null
             View = null
            Model = null

FlashMap:
       Attributes = null

MockHttpServletResponse:
           Status = 403
    Error message = Forbidden
          Headers = [Vary:"Origin", "Access-Control-Request-Method", "Access-Control-Request-Headers", X-Content-Type-Options:"nosniff", X-XSS-Protection:"0", Cache-Control:"no-cache, no-store, max-age=0, must-revalidate", Pragma:"no-cache", Expires:"0", X-Frame-Options:"DENY"]
     Content type = null
             Body = 
    Forwarded URL = null
   Redirected URL = null
          Cookies = []

MockHttpServletRequest:
      HTTP Method = POST
      Request URI = /requests/delete/999
       Parameters = {_csrf=[lBRdUtUB2HoVDqC7VmcGgQnxwct13VS1aUwjvuMkCs5SLbt-rSc7Ye027Uo4NpbdMEoy4z2V7KlN5GeYCyoX3NIRaPdlGdkc]}
          Headers = []
             Body = null
    Session Attrs = {SPRING_SECURITY_CONTEXT=SecurityContextImpl [Authentication=UsernamePasswordAuthenticationToken [Principal=org.springframework.security.core.userdetails.User [Username=user, Password=[PROTECTED], Enabled=true, AccountNonExpired=true, CredentialsNonExpired=true, AccountNonLocked=true, Granted Authorities=[ROLE_ADMIN]], Credentials=[PROTECTED], Authenticated=true, Details=null, Granted Authorities=[ROLE_ADMIN]]]}

Handler:
             Type = org.mental_management_center.mmc.controller.RequestController
           Method = org.mental_management_center.mmc.controller.RequestController#deleteRequest(UUID)

Async:
    Async started = false
     Async result = null

Resolved Exception:
             Type = org.springframework.web.method.annotation.MethodArgumentTypeMismatchException

ModelAndView:
        View name = error
             View = null
        Attribute = statusCode
            value = 500
        Attribute = errorTitle
            value = Щось пішло не так
        Attribute = errorMessage
            value = Виникла внутрішня помилка. Спробуйте оновити сторінку або повернутися пізніше.

FlashMap:
       Attributes = null

MockHttpServletResponse:
           Status = 500
    Error message = null
          Headers = [Vary:"Origin", "Access-Control-Request-Method", "Access-Control-Request-Headers", Content-Language:"en", Content-Type:"text/html;charset=UTF-8", X-Content-Type-Options:"nosniff", X-XSS-Protection:"0", Cache-Control:"no-cache, no-store, max-age=0, must-revalidate", Pragma:"no-cache", Expires:"0", X-Frame-Options:"DENY"]
     Content type = text/html;charset=UTF-8
             Body = <!DOCTYPE html>
<html>
<head>
    <meta charset="UTF-8">
    <meta name="viewport" content="width=device-width, initial-scale=1.0">
    <title>Щось пішло не так | Психотерапія</title>

    <link rel="stylesheet" href="/css/style.css">

    <link rel="icon" type="image/x-icon" href="/images/favicon.ico">
</head>
<body class="page-shell">

<header class="site-header">
    <div class="site-header-inner">

        <a href="/" class="site-brand">
            🌿 <span class="site-brand-text">Шлях до себе</span>
        </a>

        <nav class="site-nav">

            <div class="dropdown">
                <span class="site-nav-label">Проблематика ▼</span>
                <div class="dropdown-content">
                    <a href="/issues/inner-calm">Тривога та панічні стани</a>
                    <a href="/issues/restore-resource">Відновлення ресурсу</a>
                    <a href="/issues/closeness-crisis">Кризи близькості</a>
                    <a href="/issues/new-meanings">Депресивні стани та сенси</a>
                    <a href="/issues/freedom-choice">Залежні форми поведінки</a>
                    <a href="/issues/dialogue">Конфлікти та медіація</a>
                    <a href="/issues/exit-nearby">Ілюзія, що виходу нема</a>
                </div>
            </div>

            <a href="/about" class="site-nav-link">Про мене</a>
            <a href="/first-steps" class="site-nav-link">Перші кроки</a>

            <div>
                <a href="/admin/users" class="admin-link">⚙️Адмінка</a>
            </div>

            

            <div class="user-menu">
    <span class="user-menu-greeting">
        Вітаю, <a href="/profile" class="user-profile-link">
            <strong class="user-menu-name"></strong>
        </a>
    </span>

                <a href="/profile" class="site-nav-link" title="Мій кабінет">👤</a>

                <form action="/logout" method="post" class="logout-form"><input type="hidden" name="_csrf" value="-PhIfLBRkj4ho0CF35OuBDaKi86cW_X3x5Xqu08xnUFZ2bBdwcsuT4hmpw4Mm3bjub6aZgLupqykYsbapfPe2X4E_3hu7dI_"/>
                    <input type="hidden" name="_csrf" value="-PhIfLBRkj4ho0CF35OuBDaKi86cW_X3x5Xqu08xnUFZ2bBdwcsuT4hmpw4Mm3bjub6aZgLupqykYsbapfPe2X4E_3hu7dI_">
                    <button type="submit" class="btn-outline">Вийти</button>
                </form>
            </div>
        </nav>
    </div>
</header>

<main class="page-main">
    <section class="standard-container standard-container-compact error-shell">
    <div class="error-card">
        <p class="error-code">500</p>
        <h1 class="contact-intro-title">Щось пішло не так</h1>
        <p class="contact-intro-text">Виникла внутрішня помилка. Спробуйте оновити сторінку або повернутися пізніше.</p>
        <div class="profile-actions">
            <a href="/" class="btn-dashboard-link">На головну</a>
            <a href="/contact" class="btn-highlight">Написати мені</a>
        </div>
    </div>
</section>
</main>

<footer class="site-footer">
    <div class="site-footer-inner">
        <div class="footer-left">
            <a href="/contact" class="footer-link-action">
                📩 <span class="footer-action-text">Контакти</span>
            </a>
        </div>

        <div class="footer-center">
            <span class="footer-copy">© 2026 MMC Mental Management Center</span>
        </div>

        <div class="footer-right">
            <a href="/" class="site-brand-footer">
                🌿 <span class="site-brand-text-footer">Шлях до себе</span>
            </a>
        </div>
    </div>
</footer>



</body>
</html>

    Forwarded URL = null
   Redirected URL = null
          Cookies = []
[ERROR] Tests run: 11, Failures: 1, Errors: 0, Skipped: 0, Time elapsed: 2.073 s <<< FAILURE! -- in org.mental_management_center.mmc.WebAccessIntegrationTests
[ERROR] org.mental_management_center.mmc.WebAccessIntegrationTests.mutatingEndpointsRequireCsrfToken -- Time elapsed: 0.021 s <<< FAILURE!
java.lang.AssertionError: Range for response status value 500 expected:<REDIRECTION> but was:<SERVER_ERROR>
	at org.springframework.test.util.AssertionErrors.fail(AssertionErrors.java:59)
	at org.springframework.test.util.AssertionErrors.assertEquals(AssertionErrors.java:122)
	at org.springframework.test.web.servlet.result.StatusResultMatchers.lambda$is3xxRedirection$4(StatusResultMatchers.java:87)
	at org.springframework.test.web.servlet.MockMvc$1.andExpect(MockMvc.java:214)
	at org.mental_management_center.mmc.WebAccessIntegrationTests.mutatingEndpointsRequireCsrfToken(WebAccessIntegrationTests.java:111)
	at java.base/java.lang.reflect.Method.invoke(Method.java:568)
	at java.base/java.util.ArrayList.forEach(ArrayList.java:1511)
	at java.base/java.util.ArrayList.forEach(ArrayList.java:1511)

[INFO] 
[INFO] Results:
[INFO] 
[ERROR] Failures: 
[ERROR]   WebAccessIntegrationTests.mutatingEndpointsRequireCsrfToken:111 Range for response status value 500 expected:<REDIRECTION> but was:<SERVER_ERROR>
[INFO] 
[ERROR] Tests run: 25, Failures: 1, Errors: 0, Skipped: 0
[INFO] 
[INFO] ------------------------------------------------------------------------
[INFO] BUILD FAILURE
[INFO] ------------------------------------------------------------------------
[INFO] Total time:  13.685 s
[INFO] Finished at: 2026-04-09T12:56:58+03:00
[INFO] ------------------------------------------------------------------------
[ERROR] Failed to execute goal org.apache.maven.plugins:maven-surefire-plugin:3.1.2:test (default-test) on project MentalManagementCenter: There are test failures.
[ERROR] 
[ERROR] Please refer to C:\Users\ASUS\IdeaProjects\MMC\target\surefire-reports for the individual test results.
[ERROR] Please refer to dump files (if any exist) [date].dump, [date]-jvmRun[N].dump and [date].dumpstream.
[ERROR] -> [Help 1]
[ERROR] 
[ERROR] To see the full stack trace of the errors, re-run Maven with the -e switch.
[ERROR] Re-run Maven using the -X switch to enable full debug logging.
[ERROR] 
[ERROR] For more information about the errors and possible solutions, please read the following articles:
[ERROR] [Help 1] http://cwiki.apache.org/confluence/display/MAVEN/MojoFailureException
